
> formula-intellect-trainer@0.0.0 test
> vitest run src/bot/engine.test.js --reporter=verbose


[1m[46m RUN [49m[22m [36mv4.0.18 [39m[90m/Users/username/Documents/triz/formula-intellect[39m

 [32m✓[39m src/bot/engine.test.js[2m > [22mDDT: Методика "Самокритика" (100+ кейсов)[2m > [22mПЕРСОНА: Невнимательный/Ленивый ребенок[2m > [22mЗадача: solomon-hall[2m > [22mФаза 0: Пустая строка -> просит написать словами[32m 1[2mms[22m[39m
 [32m✓[39m src/bot/engine.test.js[2m > [22mDDT: Методика "Самокритика" (100+ кейсов)[2m > [22mПЕРСОНА: Невнимательный/Ленивый ребенок[2m > [22mЗадача: solomon-hall[2m > [22mФаза 0: Только пробелы -> просит написать словами[32m 0[2mms[22m[39m
 [32m✓[39m src/bot/engine.test.js[2m > [22mDDT: Методика "Самокритика" (100+ кейсов)[2m > [22mПЕРСОНА: Невнимательный/Ленивый ребенок[2m > [22mЗадача: solomon-hall[2m > [22mФаза 0: Спам скобками -> просит написать словами[32m 0[2mms[22m[39m
 [32m✓[39m src/bot/engine.test.js[2m > [22mDDT: Методика "Самокритика" (100+ кейсов)[2m > [22mПЕРСОНА: Невнимательный/Ленивый ребенок[2m > [22mЗадача: solomon-hall[2m > [22mФаза 0: Только эмодзи -> просит написать словами[32m 1[2mms[22m[39m
 [32m✓[39m src/bot/engine.test.js[2m > [22mDDT: Методика "Самокритика" (100+ кейсов)[2m > [22mПЕРСОНА: Невнимательный/Ленивый ребенок[2m > [22mЗадача: solomon-hall[2m > [22mФаза 0: Один спецсимвол -> просит написать словами[32m 0[2mms[22m[39m
 [32m✓[39m src/bot/engine.test.js[2m > [22mDDT: Методика "Самокритика" (100+ кейсов)[2m > [22mПЕРСОНА: Невнимательный/Ленивый ребенок[2m > [22mЗадача: solomon-hall[2m > [22mФаза 0: Вопросительный знак -> просит написать словами[32m 0[2mms[22m[39m
 [32m✓[39m src/bot/engine.test.js[2m > [22mDDT: Методика "Самокритика" (100+ кейсов)[2m > [22mПЕРСОНА: Невнимательный/Ленивый ребенок[2m > [22mЗадача: solomon-hall[2m > [22mФаза 0: Сдача (не знаю) -> выдает fallback-подсказку[32m 0[2mms[22m[39m
 [32m✓[39m src/bot/engine.test.js[2m > [22mDDT: Методика "Самокритика" (100+ кейсов)[2m > [22mПЕРСОНА: Невнимательный/Ленивый ребенок[2m > [22mЗадача: solomon-hall[2m > [22mФаза 0: Сдача (сложно) -> выдает fallback-подсказку[32m 0[2mms[22m[39m
 [32m✓[39m src/bot/engine.test.js[2m > [22mDDT: Методика "Самокритика" (100+ кейсов)[2m > [22mПЕРСОНА: Невнимательный/Ленивый ребенок[2m > [22mЗадача: solomon-hall[2m > [22mФаза 0: Сдача (я сдаюсь) -> выдает fallback-подсказку[32m 1[2mms[22m[39m
 [32m✓[39m src/bot/engine.test.js[2m > [22mDDT: Методика "Самокритика" (100+ кейсов)[2m > [22mПЕРСОНА: Невнимательный/Ленивый ребенок[2m > [22mЗадача: solomon-hall[2m > [22mФаза 0: Сдача (без понятия) -> выдает fallback-подсказку[32m 0[2mms[22m[39m
 [32m✓[39m src/bot/engine.test.js[2m > [22mDDT: Методика "Самокритика" (100+ кейсов)[2m > [22mПЕРСОНА: Невнимательный/Ленивый ребенок[2m > [22mЗадача: solomon-hall[2m > [22mФаза 0: Сдача (хз) -> выдает fallback-подсказку[32m 0[2mms[22m[39m
 [32m✓[39m src/bot/engine.test.js[2m > [22mDDT: Методика "Самокритика" (100+ кейсов)[2m > [22mПЕРСОНА: Невнимательный/Ленивый ребенок[2m > [22mЗадача: solomon-hall[2m > [22mФаза 0: Сдача (не понимаю) -> выдает fallback-подсказку[32m 0[2mms[22m[39m
 [32m✓[39m src/bot/engine.test.js[2m > [22mDDT: Методика "Самокритика" (100+ кейсов)[2m > [22mПЕРСОНА: Невнимательный/Ленивый ребенок[2m > [22mЗадача: solomon-hall[2m > [22mФаза 0: Бессмыслица (qwerty) -> копит ошибки (streak)[32m 0[2mms[22m[39m
 [32m✓[39m src/bot/engine.test.js[2m > [22mDDT: Методика "Самокритика" (100+ кейсов)[2m > [22mПЕРСОНА: Невнимательный/Ленивый ребенок[2m > [22mЗадача: solomon-hall[2m > [22mФаза 0: Бессмыслица (абырвалг) -> копит ошибки (streak)[32m 0[2mms[22m[39m
 [32m✓[39m src/bot/engine.test.js[2m > [22mDDT: Методика "Самокритика" (100+ кейсов)[2m > [22mПЕРСОНА: Невнимательный/Ленивый ребенок[2m > [22mЗадача: solomon-hall[2m > [22mФаза 0: Бессмыслица (йцукен) -> копит ошибки (streak)[32m 0[2mms[22m[39m
 [32m✓[39m src/bot/engine.test.js[2m > [22mDDT: Методика "Самокритика" (100+ кейсов)[2m > [22mПЕРСОНА: Невнимательный/Ленивый ребенок[2m > [22mЗадача: solomon-hall[2m > [22mФаза 0: Бессмыслица (ыва) -> копит ошибки (streak)[32m 0[2mms[22m[39m
 [32m✓[39m src/bot/engine.test.js[2m > [22mDDT: Методика "Самокритика" (100+ кейсов)[2m > [22mПЕРСОНА: Невнимательный/Ленивый ребенок[2m > [22mЗадача: solomon-hall[2m > [22mФаза 0: Бессмыслица (простотак) -> копит ошибки (streak)[32m 0[2mms[22m[39m
 [32m✓[39m src/bot/engine.test.js[2m > [22mDDT: Методика "Самокритика" (100+ кейсов)[2m > [22mПЕРСОНА: Невнимательный/Ленивый ребенок[2m > [22mЗадача: solomon-hall[2m > [22mФаза 2 (Инвентаризация): Сдача до начала перечисления предметов[32m 0[2mms[22m[39m
 [32m✓[39m src/bot/engine.test.js[2m > [22mDDT: Методика "Самокритика" (100+ кейсов)[2m > [22mПЕРСОНА: Невнимательный/Ленивый ребенок[2m > [22mЗадача: solomon-hall[2m > [22mФаза 2 (Инвентаризация): Сдача после 1 предмета -> переводит в фазу 1[32m 0[2mms[22m[39m
 [32m✓[39m src/bot/engine.test.js[2m > [22mDDT: Методика "Самокритика" (100+ кейсов)[2m > [22mПЕРСОНА: Невнимательный/Ленивый ребенок[2m > [22mЗадача: monkeys[2m > [22mФаза 0: Пустая строка -> просит написать словами[32m 0[2mms[22m[39m
 [32m✓[39m src/bot/engine.test.js[2m > [22mDDT: Методика "Самокритика" (100+ кейсов)[2m > [22mПЕРСОНА: Невнимательный/Ленивый ребенок[2m > [22mЗадача: monkeys[2m > [22mФаза 0: Только пробелы -> просит написать словами[32m 0[2mms[22m[39m
 [32m✓[39m src/bot/engine.test.js[2m > [22mDDT: Методика "Самокритика" (100+ кейсов)[2m > [22mПЕРСОНА: Невнимательный/Ленивый ребенок[2m > [22mЗадача: monkeys[2m > [22mФаза 0: Спам скобками -> просит написать словами[32m 0[2mms[22m[39m
 [32m✓[39m src/bot/engine.test.js[2m > [22mDDT: Методика "Самокритика" (100+ кейсов)[2m > [22mПЕРСОНА: Невнимательный/Ленивый ребенок[2m > [22mЗадача: monkeys[2m > [22mФаза 0: Только эмодзи -> просит написать словами[32m 0[2mms[22m[39m
 [32m✓[39m src/bot/engine.test.js[2m > [22mDDT: Методика "Самокритика" (100+ кейсов)[2m > [22mПЕРСОНА: Невнимательный/Ленивый ребенок[2m > [22mЗадача: monkeys[2m > [22mФаза 0: Один спецсимвол -> просит написать словами[32m 0[2mms[22m[39m
 [32m✓[39m src/bot/engine.test.js[2m > [22mDDT: Методика "Самокритика" (100+ кейсов)[2m > [22mПЕРСОНА: Невнимательный/Ленивый ребенок[2m > [22mЗадача: monkeys[2m > [22mФаза 0: Вопросительный знак -> просит написать словами[32m 0[2mms[22m[39m
 [32m✓[39m src/bot/engine.test.js[2m > [22mDDT: Методика "Самокритика" (100+ кейсов)[2m > [22mПЕРСОНА: Невнимательный/Ленивый ребенок[2m > [22mЗадача: monkeys[2m > [22mФаза 0: Сдача (не знаю) -> выдает fallback-подсказку[32m 0[2mms[22m[39m
 [32m✓[39m src/bot/engine.test.js[2m > [22mDDT: Методика "Самокритика" (100+ кейсов)[2m > [22mПЕРСОНА: Невнимательный/Ленивый ребенок[2m > [22mЗадача: monkeys[2m > [22mФаза 0: Сдача (сложно) -> выдает fallback-подсказку[32m 0[2mms[22m[39m
 [32m✓[39m src/bot/engine.test.js[2m > [22mDDT: Методика "Самокритика" (100+ кейсов)[2m > [22mПЕРСОНА: Невнимательный/Ленивый ребенок[2m > [22mЗадача: monkeys[2m > [22mФаза 0: Сдача (я сдаюсь) -> выдает fallback-подсказку[32m 1[2mms[22m[39m
 [32m✓[39m src/bot/engine.test.js[2m > [22mDDT: Методика "Самокритика" (100+ кейсов)[2m > [22mПЕРСОНА: Невнимательный/Ленивый ребенок[2m > [22mЗадача: monkeys[2m > [22mФаза 0: Сдача (без понятия) -> выдает fallback-подсказку[32m 0[2mms[22m[39m
 [32m✓[39m src/bot/engine.test.js[2m > [22mDDT: Методика "Самокритика" (100+ кейсов)[2m > [22mПЕРСОНА: Невнимательный/Ленивый ребенок[2m > [22mЗадача: monkeys[2m > [22mФаза 0: Сдача (хз) -> выдает fallback-подсказку[32m 0[2mms[22m[39m
 [32m✓[39m src/bot/engine.test.js[2m > [22mDDT: Методика "Самокритика" (100+ кейсов)[2m > [22mПЕРСОНА: Невнимательный/Ленивый ребенок[2m > [22mЗадача: monkeys[2m > [22mФаза 0: Сдача (не понимаю) -> выдает fallback-подсказку[32m 0[2mms[22m[39m
 [32m✓[39m src/bot/engine.test.js[2m > [22mDDT: Методика "Самокритика" (100+ кейсов)[2m > [22mПЕРСОНА: Невнимательный/Ленивый ребенок[2m > [22mЗадача: monkeys[2m > [22mФаза 0: Бессмыслица (qwerty) -> копит ошибки (streak)[32m 0[2mms[22m[39m
 [32m✓[39m src/bot/engine.test.js[2m > [22mDDT: Методика "Самокритика" (100+ кейсов)[2m > [22mПЕРСОНА: Невнимательный/Ленивый ребенок[2m > [22mЗадача: monkeys[2m > [22mФаза 0: Бессмыслица (абырвалг) -> копит ошибки (streak)[32m 0[2mms[22m[39m
 [32m✓[39m src/bot/engine.test.js[2m > [22mDDT: Методика "Самокритика" (100+ кейсов)[2m > [22mПЕРСОНА: Невнимательный/Ленивый ребенок[2m > [22mЗадача: monkeys[2m > [22mФаза 0: Бессмыслица (йцукен) -> копит ошибки (streak)[32m 0[2mms[22m[39m
 [32m✓[39m src/bot/engine.test.js[2m > [22mDDT: Методика "Самокритика" (100+ кейсов)[2m > [22mПЕРСОНА: Невнимательный/Ленивый ребенок[2m > [22mЗадача: monkeys[2m > [22mФаза 0: Бессмыслица (ыва) -> копит ошибки (streak)[32m 0[2mms[22m[39m
 [32m✓[39m src/bot/engine.test.js[2m > [22mDDT: Методика "Самокритика" (100+ кейсов)[2m > [22mПЕРСОНА: Невнимательный/Ленивый ребенок[2m > [22mЗадача: monkeys[2m > [22mФаза 0: Бессмыслица (простотак) -> копит ошибки (streak)[32m 0[2mms[22m[39m
 [32m✓[39m src/bot/engine.test.js[2m > [22mDDT: Методика "Самокритика" (100+ кейсов)[2m > [22mПЕРСОНА: Невнимательный/Ленивый ребенок[2m > [22mЗадача: monkeys[2m > [22mФаза 2 (Инвентаризация): Сдача до начала перечисления предметов[32m 0[2mms[22m[39m
 [32m✓[39m src/bot/engine.test.js[2m > [22mDDT: Методика "Самокритика" (100+ кейсов)[2m > [22mПЕРСОНА: Невнимательный/Ленивый ребенок[2m > [22mЗадача: monkeys[2m > [22mФаза 2 (Инвентаризация): Сдача после 1 предмета -> переводит в фазу 1[32m 0[2mms[22m[39m
 [32m✓[39m src/bot/engine.test.js[2m > [22mDDT: Методика "Самокритика" (100+ кейсов)[2m > [22mПЕРСОНА: Невнимательный/Ленивый ребенок[2m > [22mЗадача: flowers[2m > [22mФаза 0: Пустая строка -> просит написать словами[32m 0[2mms[22m[39m
 [32m✓[39m src/bot/engine.test.js[2m > [22mDDT: Методика "Самокритика" (100+ кейсов)[2m > [22mПЕРСОНА: Невнимательный/Ленивый ребенок[2m > [22mЗадача: flowers[2m > [22mФаза 0: Только пробелы -> просит написать словами[32m 0[2mms[22m[39m
 [32m✓[39m src/bot/engine.test.js[2m > [22mDDT: Методика "Самокритика" (100+ кейсов)[2m > [22mПЕРСОНА: Невнимательный/Ленивый ребенок[2m > [22mЗадача: flowers[2m > [22mФаза 0: Спам скобками -> просит написать словами[32m 0[2mms[22m[39m
 [32m✓[39m src/bot/engine.test.js[2m > [22mDDT: Методика "Самокритика" (100+ кейсов)[2m > [22mПЕРСОНА: Невнимательный/Ленивый ребенок[2m > [22mЗадача: flowers[2m > [22mФаза 0: Только эмодзи -> просит написать словами[32m 0[2mms[22m[39m
 [32m✓[39m src/bot/engine.test.js[2m > [22mDDT: Методика "Самокритика" (100+ кейсов)[2m > [22mПЕРСОНА: Невнимательный/Ленивый ребенок[2m > [22mЗадача: flowers[2m > [22mФаза 0: Один спецсимвол -> просит написать словами[32m 0[2mms[22m[39m
 [32m✓[39m src/bot/engine.test.js[2m > [22mDDT: Методика "Самокритика" (100+ кейсов)[2m > [22mПЕРСОНА: Невнимательный/Ленивый ребенок[2m > [22mЗадача: flowers[2m > [22mФаза 0: Вопросительный знак -> просит написать словами[32m 0[2mms[22m[39m
 [32m✓[39m src/bot/engine.test.js[2m > [22mDDT: Методика "Самокритика" (100+ кейсов)[2m > [22mПЕРСОНА: Невнимательный/Ленивый ребенок[2m > [22mЗадача: flowers[2m > [22mФаза 0: Сдача (не знаю) -> выдает fallback-подсказку[32m 0[2mms[22m[39m
 [32m✓[39m src/bot/engine.test.js[2m > [22mDDT: Методика "Самокритика" (100+ кейсов)[2m > [22mПЕРСОНА: Невнимательный/Ленивый ребенок[2m > [22mЗадача: flowers[2m > [22mФаза 0: Сдача (сложно) -> выдает fallback-подсказку[32m 0[2mms[22m[39m
 [32m✓[39m src/bot/engine.test.js[2m > [22mDDT: Методика "Самокритика" (100+ кейсов)[2m > [22mПЕРСОНА: Невнимательный/Ленивый ребенок[2m > [22mЗадача: flowers[2m > [22mФаза 0: Сдача (я сдаюсь) -> выдает fallback-подсказку[32m 1[2mms[22m[39m
 [32m✓[39m src/bot/engine.test.js[2m > [22mDDT: Методика "Самокритика" (100+ кейсов)[2m > [22mПЕРСОНА: Невнимательный/Ленивый ребенок[2m > [22mЗадача: flowers[2m > [22mФаза 0: Сдача (без понятия) -> выдает fallback-подсказку[32m 0[2mms[22m[39m
 [32m✓[39m src/bot/engine.test.js[2m > [22mDDT: Методика "Самокритика" (100+ кейсов)[2m > [22mПЕРСОНА: Невнимательный/Ленивый ребенок[2m > [22mЗадача: flowers[2m > [22mФаза 0: Сдача (хз) -> выдает fallback-подсказку[32m 0[2mms[22m[39m
 [32m✓[39m src/bot/engine.test.js[2m > [22mDDT: Методика "Самокритика" (100+ кейсов)[2m > [22mПЕРСОНА: Невнимательный/Ленивый ребенок[2m > [22mЗадача: flowers[2m > [22mФаза 0: Сдача (не понимаю) -> выдает fallback-подсказку[32m 0[2mms[22m[39m
 [32m✓[39m src/bot/engine.test.js[2m > [22mDDT: Методика "Самокритика" (100+ кейсов)[2m > [22mПЕРСОНА: Невнимательный/Ленивый ребенок[2m > [22mЗадача: flowers[2m > [22mФаза 0: Бессмыслица (qwerty) -> копит ошибки (streak)[32m 0[2mms[22m[39m
 [32m✓[39m src/bot/engine.test.js[2m > [22mDDT: Методика "Самокритика" (100+ кейсов)[2m > [22mПЕРСОНА: Невнимательный/Ленивый ребенок[2m > [22mЗадача: flowers[2m > [22mФаза 0: Бессмыслица (абырвалг) -> копит ошибки (streak)[32m 0[2mms[22m[39m
 [32m✓[39m src/bot/engine.test.js[2m > [22mDDT: Методика "Самокритика" (100+ кейсов)[2m > [22mПЕРСОНА: Невнимательный/Ленивый ребенок[2m > [22mЗадача: flowers[2m > [22mФаза 0: Бессмыслица (йцукен) -> копит ошибки (streak)[32m 0[2mms[22m[39m
 [32m✓[39m src/bot/engine.test.js[2m > [22mDDT: Методика "Самокритика" (100+ кейсов)[2m > [22mПЕРСОНА: Невнимательный/Ленивый ребенок[2m > [22mЗадача: flowers[2m > [22mФаза 0: Бессмыслица (ыва) -> копит ошибки (streak)[32m 0[2mms[22m[39m
 [32m✓[39m src/bot/engine.test.js[2m > [22mDDT: Методика "Самокритика" (100+ кейсов)[2m > [22mПЕРСОНА: Невнимательный/Ленивый ребенок[2m > [22mЗадача: flowers[2m > [22mФаза 0: Бессмыслица (простотак) -> копит ошибки (streak)[32m 0[2mms[22m[39m
 [32m✓[39m src/bot/engine.test.js[2m > [22mDDT: Методика "Самокритика" (100+ кейсов)[2m > [22mПЕРСОНА: Невнимательный/Ленивый ребенок[2m > [22mЗадача: flowers[2m > [22mФаза 2 (Инвентаризация): Сдача до начала перечисления предметов[32m 0[2mms[22m[39m
 [32m✓[39m src/bot/engine.test.js[2m > [22mDDT: Методика "Самокритика" (100+ кейсов)[2m > [22mПЕРСОНА: Невнимательный/Ленивый ребенок[2m > [22mЗадача: flowers[2m > [22mФаза 2 (Инвентаризация): Сдача после 1 предмета -> переводит в фазу 1[32m 0[2mms[22m[39m
 [32m✓[39m src/bot/engine.test.js[2m > [22mDDT: Методика "Самокритика" (100+ кейсов)[2m > [22mПЕРСОНА: Невнимательный/Ленивый ребенок[2m > [22mЗадача: bags[2m > [22mФаза 0: Пустая строка -> просит написать словами[32m 0[2mms[22m[39m
 [32m✓[39m src/bot/engine.test.js[2m > [22mDDT: Методика "Самокритика" (100+ кейсов)[2m > [22mПЕРСОНА: Невнимательный/Ленивый ребенок[2m > [22mЗадача: bags[2m > [22mФаза 0: Только пробелы -> просит написать словами[32m 0[2mms[22m[39m
 [32m✓[39m src/bot/engine.test.js[2m > [22mDDT: Методика "Самокритика" (100+ кейсов)[2m > [22mПЕРСОНА: Невнимательный/Ленивый ребенок[2m > [22mЗадача: bags[2m > [22mФаза 0: Спам скобками -> просит написать словами[32m 0[2mms[22m[39m
 [32m✓[39m src/bot/engine.test.js[2m > [22mDDT: Методика "Самокритика" (100+ кейсов)[2m > [22mПЕРСОНА: Невнимательный/Ленивый ребенок[2m > [22mЗадача: bags[2m > [22mФаза 0: Только эмодзи -> просит написать словами[32m 0[2mms[22m[39m
 [32m✓[39m src/bot/engine.test.js[2m > [22mDDT: Методика "Самокритика" (100+ кейсов)[2m > [22mПЕРСОНА: Невнимательный/Ленивый ребенок[2m > [22mЗадача: bags[2m > [22mФаза 0: Один спецсимвол -> просит написать словами[32m 0[2mms[22m[39m
 [32m✓[39m src/bot/engine.test.js[2m > [22mDDT: Методика "Самокритика" (100+ кейсов)[2m > [22mПЕРСОНА: Невнимательный/Ленивый ребенок[2m > [22mЗадача: bags[2m > [22mФаза 0: Вопросительный знак -> просит написать словами[32m 0[2mms[22m[39m
 [32m✓[39m src/bot/engine.test.js[2m > [22mDDT: Методика "Самокритика" (100+ кейсов)[2m > [22mПЕРСОНА: Невнимательный/Ленивый ребенок[2m > [22mЗадача: bags[2m > [22mФаза 0: Сдача (не знаю) -> выдает fallback-подсказку[32m 0[2mms[22m[39m
 [32m✓[39m src/bot/engine.test.js[2m > [22mDDT: Методика "Самокритика" (100+ кейсов)[2m > [22mПЕРСОНА: Невнимательный/Ленивый ребенок[2m > [22mЗадача: bags[2m > [22mФаза 0: Сдача (сложно) -> выдает fallback-подсказку[32m 0[2mms[22m[39m
 [32m✓[39m src/bot/engine.test.js[2m > [22mDDT: Методика "Самокритика" (100+ кейсов)[2m > [22mПЕРСОНА: Невнимательный/Ленивый ребенок[2m > [22mЗадача: bags[2m > [22mФаза 0: Сдача (я сдаюсь) -> выдает fallback-подсказку[32m 1[2mms[22m[39m
 [32m✓[39m src/bot/engine.test.js[2m > [22mDDT: Методика "Самокритика" (100+ кейсов)[2m > [22mПЕРСОНА: Невнимательный/Ленивый ребенок[2m > [22mЗадача: bags[2m > [22mФаза 0: Сдача (без понятия) -> выдает fallback-подсказку[32m 0[2mms[22m[39m
 [32m✓[39m src/bot/engine.test.js[2m > [22mDDT: Методика "Самокритика" (100+ кейсов)[2m > [22mПЕРСОНА: Невнимательный/Ленивый ребенок[2m > [22mЗадача: bags[2m > [22mФаза 0: Сдача (хз) -> выдает fallback-подсказку[32m 0[2mms[22m[39m
 [32m✓[39m src/bot/engine.test.js[2m > [22mDDT: Методика "Самокритика" (100+ кейсов)[2m > [22mПЕРСОНА: Невнимательный/Ленивый ребенок[2m > [22mЗадача: bags[2m > [22mФаза 0: Сдача (не понимаю) -> выдает fallback-подсказку[32m 0[2mms[22m[39m
 [32m✓[39m src/bot/engine.test.js[2m > [22mDDT: Методика "Самокритика" (100+ кейсов)[2m > [22mПЕРСОНА: Невнимательный/Ленивый ребенок[2m > [22mЗадача: bags[2m > [22mФаза 0: Бессмыслица (qwerty) -> копит ошибки (streak)[32m 0[2mms[22m[39m
 [32m✓[39m src/bot/engine.test.js[2m > [22mDDT: Методика "Самокритика" (100+ кейсов)[2m > [22mПЕРСОНА: Невнимательный/Ленивый ребенок[2m > [22mЗадача: bags[2m > [22mФаза 0: Бессмыслица (абырвалг) -> копит ошибки (streak)[32m 1[2mms[22m[39m
 [32m✓[39m src/bot/engine.test.js[2m > [22mDDT: Методика "Самокритика" (100+ кейсов)[2m > [22mПЕРСОНА: Невнимательный/Ленивый ребенок[2m > [22mЗадача: bags[2m > [22mФаза 0: Бессмыслица (йцукен) -> копит ошибки (streak)[32m 0[2mms[22m[39m
 [32m✓[39m src/bot/engine.test.js[2m > [22mDDT: Методика "Самокритика" (100+ кейсов)[2m > [22mПЕРСОНА: Невнимательный/Ленивый ребенок[2m > [22mЗадача: bags[2m > [22mФаза 0: Бессмыслица (ыва) -> копит ошибки (streak)[32m 0[2mms[22m[39m
 [32m✓[39m src/bot/engine.test.js[2m > [22mDDT: Методика "Самокритика" (100+ кейсов)[2m > [22mПЕРСОНА: Невнимательный/Ленивый ребенок[2m > [22mЗадача: bags[2m > [22mФаза 0: Бессмыслица (простотак) -> копит ошибки (streak)[32m 0[2mms[22m[39m
 [32m✓[39m src/bot/engine.test.js[2m > [22mDDT: Методика "Самокритика" (100+ кейсов)[2m > [22mПЕРСОНА: Невнимательный/Ленивый ребенок[2m > [22mЗадача: bags[2m > [22mФаза 2 (Инвентаризация): Сдача до начала перечисления предметов[32m 0[2mms[22m[39m
 [32m✓[39m src/bot/engine.test.js[2m > [22mDDT: Методика "Самокритика" (100+ кейсов)[2m > [22mПЕРСОНА: Невнимательный/Ленивый ребенок[2m > [22mЗадача: bags[2m > [22mФаза 2 (Инвентаризация): Сдача после 1 предмета -> переводит в фазу 1[32m 0[2mms[22m[39m
 [32m✓[39m src/bot/engine.test.js[2m > [22mDDT: Методика "Самокритика" (100+ кейсов)[2m > [22mПЕРСОНА: Хитрый/Агрессивный ребенок[2m > [22mЗадача: solomon-hall (Safety)[2m > [22mОпасные слова фильтруются: "я всех убью"[32m 0[2mms[22m[39m
 [32m✓[39m src/bot/engine.test.js[2m > [22mDDT: Методика "Самокритика" (100+ кейсов)[2m > [22mПЕРСОНА: Хитрый/Агрессивный ребенок[2m > [22mЗадача: solomon-hall (Safety)[2m > [22mОпасные слова фильтруются: "расстреляю из пистолета"[32m 0[2mms[22m[39m
 [32m✓[39m src/bot/engine.test.js[2m > [22mDDT: Методика "Самокритика" (100+ кейсов)[2m > [22mПЕРСОНА: Хитрый/Агрессивный ребенок[2m > [22mЗадача: solomon-hall (Safety)[2m > [22mОпасные слова фильтруются: "смерть врагам"[32m 0[2mms[22m[39m
 [32m✓[39m src/bot/engine.test.js[2m > [22mDDT: Методика "Самокритика" (100+ кейсов)[2m > [22mПЕРСОНА: Хитрый/Агрессивный ребенок[2m > [22mЗадача: solomon-hall (Safety)[2m > [22mОпасные слова фильтруются: "отравлю их ядом"[32m 0[2mms[22m[39m
 [32m✓[39m src/bot/engine.test.js[2m > [22mDDT: Методика "Самокритика" (100+ кейсов)[2m > [22mПЕРСОНА: Хитрый/Агрессивный ребенок[2m > [22mЗадача: solomon-hall (Safety)[2m > [22mОпасные слова фильтруются: "задушить"[32m 0[2mms[22m[39m
 [32m✓[39m src/bot/engine.test.js[2m > [22mDDT: Методика "Самокритика" (100+ кейсов)[2m > [22mПЕРСОНА: Хитрый/Агрессивный ребенок[2m > [22mЗадача: solomon-hall (Safety)[2m > [22mОпасные слова фильтруются: "труп"[32m 0[2mms[22m[39m
 [32m✓[39m src/bot/engine.test.js[2m > [22mDDT: Методика "Самокритика" (100+ кейсов)[2m > [22mПЕРСОНА: Хитрый/Агрессивный ребенок[2m > [22mЗадача: solomon-hall (Safety)[2m > [22mОпасные слова фильтруются: "сломать забор полность"[32m 0[2mms[22m[39m
 [32m✓[39m src/bot/engine.test.js[2m > [22mDDT: Методика "Самокритика" (100+ кейсов)[2m > [22mПЕРСОНА: Хитрый/Агрессивный ребенок[2m > [22mЗадача: solomon-hall (Safety)[2m > [22mОпасные слова фильтруются: "взорву бомбой"[32m 0[2mms[22m[39m
 [32m✓[39m src/bot/engine.test.js[2m > [22mDDT: Методика "Самокритика" (100+ кейсов)[2m > [22mПЕРСОНА: Хитрый/Агрессивный ребенок[2m > [22mЗадача: solomon-hall (Safety)[2m > [22mОпасные слова фильтруются: "резать ножом"[32m 0[2mms[22m[39m
 [32m✓[39m src/bot/engine.test.js[2m > [22mDDT: Методика "Самокритика" (100+ кейсов)[2m > [22mПЕРСОНА: Хитрый/Агрессивный ребенок[2m > [22mЗадача: solomon-hall (Safety)[2m > [22mОпасные слова фильтруются: "уничтожить все"[32m 0[2mms[22m[39m
 [32m✓[39m src/bot/engine.test.js[2m > [22mDDT: Методика "Самокритика" (100+ кейсов)[2m > [22mПЕРСОНА: Хитрый/Агрессивный ребенок[2m > [22mЗадача: solomon-hall (Safety)[2m > [22mОпасные слова фильтруются: "кровь"[32m 0[2mms[22m[39m
 [32m✓[39m src/bot/engine.test.js[2m > [22mDDT: Методика "Самокритика" (100+ кейсов)[2m > [22mПЕРСОНА: Хитрый/Агрессивный ребенок[2m > [22mЗадача: monkeys (Safety)[2m > [22mОпасные слова фильтруются: "я всех убью"[32m 0[2mms[22m[39m
 [32m✓[39m src/bot/engine.test.js[2m > [22mDDT: Методика "Самокритика" (100+ кейсов)[2m > [22mПЕРСОНА: Хитрый/Агрессивный ребенок[2m > [22mЗадача: monkeys (Safety)[2m > [22mОпасные слова фильтруются: "расстреляю из пистолета"[32m 0[2mms[22m[39m
 [32m✓[39m src/bot/engine.test.js[2m > [22mDDT: Методика "Самокритика" (100+ кейсов)[2m > [22mПЕРСОНА: Хитрый/Агрессивный ребенок[2m > [22mЗадача: monkeys (Safety)[2m > [22mОпасные слова фильтруются: "смерть врагам"[32m 0[2mms[22m[39m
 [32m✓[39m src/bot/engine.test.js[2m > [22mDDT: Методика "Самокритика" (100+ кейсов)[2m > [22mПЕРСОНА: Хитрый/Агрессивный ребенок[2m > [22mЗадача: monkeys (Safety)[2m > [22mОпасные слова фильтруются: "отравлю их ядом"[32m 0[2mms[22m[39m
 [32m✓[39m src/bot/engine.test.js[2m > [22mDDT: Методика "Самокритика" (100+ кейсов)[2m > [22mПЕРСОНА: Хитрый/Агрессивный ребенок[2m > [22mЗадача: monkeys (Safety)[2m > [22mОпасные слова фильтруются: "задушить"[32m 0[2mms[22m[39m
 [32m✓[39m src/bot/engine.test.js[2m > [22mDDT: Методика "Самокритика" (100+ кейсов)[2m > [22mПЕРСОНА: Хитрый/Агрессивный ребенок[2m > [22mЗадача: monkeys (Safety)[2m > [22mОпасные слова фильтруются: "труп"[32m 0[2mms[22m[39m
 [32m✓[39m src/bot/engine.test.js[2m > [22mDDT: Методика "Самокритика" (100+ кейсов)[2m > [22mПЕРСОНА: Хитрый/Агрессивный ребенок[2m > [22mЗадача: monkeys (Safety)[2m > [22mОпасные слова фильтруются: "сломать забор полность"[32m 0[2mms[22m[39m
 [32m✓[39m src/bot/engine.test.js[2m > [22mDDT: Методика "Самокритика" (100+ кейсов)[2m > [22mПЕРСОНА: Хитрый/Агрессивный ребенок[2m > [22mЗадача: monkeys (Safety)[2m > [22mОпасные слова фильтруются: "взорву бомбой"[32m 0[2mms[22m[39m
 [32m✓[39m src/bot/engine.test.js[2m > [22mDDT: Методика "Самокритика" (100+ кейсов)[2m > [22mПЕРСОНА: Хитрый/Агрессивный ребенок[2m > [22mЗадача: monkeys (Safety)[2m > [22mОпасные слова фильтруются: "резать ножом"[32m 0[2mms[22m[39m
 [32m✓[39m src/bot/engine.test.js[2m > [22mDDT: Методика "Самокритика" (100+ кейсов)[2m > [22mПЕРСОНА: Хитрый/Агрессивный ребенок[2m > [22mЗадача: monkeys (Safety)[2m > [22mОпасные слова фильтруются: "уничтожить все"[32m 0[2mms[22m[39m
 [32m✓[39m src/bot/engine.test.js[2m > [22mDDT: Методика "Самокритика" (100+ кейсов)[2m > [22mПЕРСОНА: Хитрый/Агрессивный ребенок[2m > [22mЗадача: monkeys (Safety)[2m > [22mОпасные слова фильтруются: "кровь"[32m 0[2mms[22m[39m
 [32m✓[39m src/bot/engine.test.js[2m > [22mDDT: Методика "Самокритика" (100+ кейсов)[2m > [22mПЕРСОНА: Хитрый/Агрессивный ребенок[2m > [22mЗадача: flowers (Safety)[2m > [22mОпасные слова фильтруются: "я всех убью"[32m 0[2mms[22m[39m
 [32m✓[39m src/bot/engine.test.js[2m > [22mDDT: Методика "Самокритика" (100+ кейсов)[2m > [22mПЕРСОНА: Хитрый/Агрессивный ребенок[2m > [22mЗадача: flowers (Safety)[2m > [22mОпасные слова фильтруются: "расстреляю из пистолета"[32m 0[2mms[22m[39m
 [32m✓[39m src/bot/engine.test.js[2m > [22mDDT: Методика "Самокритика" (100+ кейсов)[2m > [22mПЕРСОНА: Хитрый/Агрессивный ребенок[2m > [22mЗадача: flowers (Safety)[2m > [22mОпасные слова фильтруются: "смерть врагам"[32m 0[2mms[22m[39m
 [32m✓[39m src/bot/engine.test.js[2m > [22mDDT: Методика "Самокритика" (100+ кейсов)[2m > [22mПЕРСОНА: Хитрый/Агрессивный ребенок[2m > [22mЗадача: flowers (Safety)[2m > [22mОпасные слова фильтруются: "отравлю их ядом"[32m 0[2mms[22m[39m
 [32m✓[39m src/bot/engine.test.js[2m > [22mDDT: Методика "Самокритика" (100+ кейсов)[2m > [22mПЕРСОНА: Хитрый/Агрессивный ребенок[2m > [22mЗадача: flowers (Safety)[2m > [22mОпасные слова фильтруются: "задушить"[32m 0[2mms[22m[39m
 [32m✓[39m src/bot/engine.test.js[2m > [22mDDT: Методика "Самокритика" (100+ кейсов)[2m > [22mПЕРСОНА: Хитрый/Агрессивный ребенок[2m > [22mЗадача: flowers (Safety)[2m > [22mОпасные слова фильтруются: "труп"[32m 0[2mms[22m[39m
 [32m✓[39m src/bot/engine.test.js[2m > [22mDDT: Методика "Самокритика" (100+ кейсов)[2m > [22mПЕРСОНА: Хитрый/Агрессивный ребенок[2m > [22mЗадача: flowers (Safety)[2m > [22mОпасные слова фильтруются: "сломать забор полность"[32m 0[2mms[22m[39m
 [32m✓[39m src/bot/engine.test.js[2m > [22mDDT: Методика "Самокритика" (100+ кейсов)[2m > [22mПЕРСОНА: Хитрый/Агрессивный ребенок[2m > [22mЗадача: flowers (Safety)[2m > [22mОпасные слова фильтруются: "взорву бомбой"[32m 0[2mms[22m[39m
 [32m✓[39m src/bot/engine.test.js[2m > [22mDDT: Методика "Самокритика" (100+ кейсов)[2m > [22mПЕРСОНА: Хитрый/Агрессивный ребенок[2m > [22mЗадача: flowers (Safety)[2m > [22mОпасные слова фильтруются: "резать ножом"[32m 0[2mms[22m[39m
 [32m✓[39m src/bot/engine.test.js[2m > [22mDDT: Методика "Самокритика" (100+ кейсов)[2m > [22mПЕРСОНА: Хитрый/Агрессивный ребенок[2m > [22mЗадача: flowers (Safety)[2m > [22mОпасные слова фильтруются: "уничтожить все"[32m 0[2mms[22m[39m
 [32m✓[39m src/bot/engine.test.js[2m > [22mDDT: Методика "Самокритика" (100+ кейсов)[2m > [22mПЕРСОНА: Хитрый/Агрессивный ребенок[2m > [22mЗадача: flowers (Safety)[2m > [22mОпасные слова фильтруются: "кровь"[32m 0[2mms[22m[39m
 [32m✓[39m src/bot/engine.test.js[2m > [22mDDT: Методика "Самокритика" (100+ кейсов)[2m > [22mПЕРСОНА: Хитрый/Агрессивный ребенок[2m > [22mЗадача: bags (Safety)[2m > [22mОпасные слова фильтруются: "я всех убью"[32m 0[2mms[22m[39m
 [32m✓[39m src/bot/engine.test.js[2m > [22mDDT: Методика "Самокритика" (100+ кейсов)[2m > [22mПЕРСОНА: Хитрый/Агрессивный ребенок[2m > [22mЗадача: bags (Safety)[2m > [22mОпасные слова фильтруются: "расстреляю из пистолета"[32m 0[2mms[22m[39m
 [32m✓[39m src/bot/engine.test.js[2m > [22mDDT: Методика "Самокритика" (100+ кейсов)[2m > [22mПЕРСОНА: Хитрый/Агрессивный ребенок[2m > [22mЗадача: bags (Safety)[2m > [22mОпасные слова фильтруются: "смерть врагам"[32m 0[2mms[22m[39m
 [32m✓[39m src/bot/engine.test.js[2m > [22mDDT: Методика "Самокритика" (100+ кейсов)[2m > [22mПЕРСОНА: Хитрый/Агрессивный ребенок[2m > [22mЗадача: bags (Safety)[2m > [22mОпасные слова фильтруются: "отравлю их ядом"[32m 0[2mms[22m[39m
 [32m✓[39m src/bot/engine.test.js[2m > [22mDDT: Методика "Самокритика" (100+ кейсов)[2m > [22mПЕРСОНА: Хитрый/Агрессивный ребенок[2m > [22mЗадача: bags (Safety)[2m > [22mОпасные слова фильтруются: "задушить"[32m 0[2mms[22m[39m
 [32m✓[39m src/bot/engine.test.js[2m > [22mDDT: Методика "Самокритика" (100+ кейсов)[2m > [22mПЕРСОНА: Хитрый/Агрессивный ребенок[2m > [22mЗадача: bags (Safety)[2m > [22mОпасные слова фильтруются: "труп"[32m 0[2mms[22m[39m
 [32m✓[39m src/bot/engine.test.js[2m > [22mDDT: Методика "Самокритика" (100+ кейсов)[2m > [22mПЕРСОНА: Хитрый/Агрессивный ребенок[2m > [22mЗадача: bags (Safety)[2m > [22mОпасные слова фильтруются: "сломать забор полность"[32m 0[2mms[22m[39m
 [32m✓[39m src/bot/engine.test.js[2m > [22mDDT: Методика "Самокритика" (100+ кейсов)[2m > [22mПЕРСОНА: Хитрый/Агрессивный ребенок[2m > [22mЗадача: bags (Safety)[2m > [22mОпасные слова фильтруются: "взорву бомбой"[32m 0[2mms[22m[39m
 [32m✓[39m src/bot/engine.test.js[2m > [22mDDT: Методика "Самокритика" (100+ кейсов)[2m > [22mПЕРСОНА: Хитрый/Агрессивный ребенок[2m > [22mЗадача: bags (Safety)[2m > [22mОпасные слова фильтруются: "резать ножом"[32m 0[2mms[22m[39m
 [32m✓[39m src/bot/engine.test.js[2m > [22mDDT: Методика "Самокритика" (100+ кейсов)[2m > [22mПЕРСОНА: Хитрый/Агрессивный ребенок[2m > [22mЗадача: bags (Safety)[2m > [22mОпасные слова фильтруются: "уничтожить все"[32m 0[2mms[22m[39m
 [32m✓[39m src/bot/engine.test.js[2m > [22mDDT: Методика "Самокритика" (100+ кейсов)[2m > [22mПЕРСОНА: Хитрый/Агрессивный ребенок[2m > [22mЗадача: bags (Safety)[2m > [22mОпасные слова фильтруются: "кровь"[32m 0[2mms[22m[39m
 [32m✓[39m src/bot/engine.test.js[2m > [22mDDT: Методика "Самокритика" (100+ кейсов)[2m > [22mПЕРСОНА: Хитрый/Агрессивный ребенок[2m > [22mЗадача: solomon-hall (Profanity)[2m > [22mМат фильтруется и блокируется: "блять"[32m 0[2mms[22m[39m
 [32m✓[39m src/bot/engine.test.js[2m > [22mDDT: Методика "Самокритика" (100+ кейсов)[2m > [22mПЕРСОНА: Хитрый/Агрессивный ребенок[2m > [22mЗадача: solomon-hall (Profanity)[2m > [22mМат фильтруется и блокируется: "сука не работает"[32m 0[2mms[22m[39m
 [32m✓[39m src/bot/engine.test.js[2m > [22mDDT: Методика "Самокритика" (100+ кейсов)[2m > [22mПЕРСОНА: Хитрый/Агрессивный ребенок[2m > [22mЗадача: solomon-hall (Profanity)[2m > [22mМат фильтруется и блокируется: "пиздец"[32m 0[2mms[22m[39m
 [32m✓[39m src/bot/engine.test.js[2m > [22mDDT: Методика "Самокритика" (100+ кейсов)[2m > [22mПЕРСОНА: Хитрый/Агрессивный ребенок[2m > [22mЗадача: solomon-hall (Profanity)[2m > [22mМат фильтруется и блокируется: "ебать"[32m 0[2mms[22m[39m
 [32m✓[39m src/bot/engine.test.js[2m > [22mDDT: Методика "Самокритика" (100+ кейсов)[2m > [22mПЕРСОНА: Хитрый/Агрессивный ребенок[2m > [22mЗадача: monkeys (Profanity)[2m > [22mМат фильтруется и блокируется: "блять"[32m 0[2mms[22m[39m
 [32m✓[39m src/bot/engine.test.js[2m > [22mDDT: Методика "Самокритика" (100+ кейсов)[2m > [22mПЕРСОНА: Хитрый/Агрессивный ребенок[2m > [22mЗадача: monkeys (Profanity)[2m > [22mМат фильтруется и блокируется: "сука не работает"[32m 0[2mms[22m[39m
 [32m✓[39m src/bot/engine.test.js[2m > [22mDDT: Методика "Самокритика" (100+ кейсов)[2m > [22mПЕРСОНА: Хитрый/Агрессивный ребенок[2m > [22mЗадача: monkeys (Profanity)[2m > [22mМат фильтруется и блокируется: "пиздец"[32m 0[2mms[22m[39m
 [32m✓[39m src/bot/engine.test.js[2m > [22mDDT: Методика "Самокритика" (100+ кейсов)[2m > [22mПЕРСОНА: Хитрый/Агрессивный ребенок[2m > [22mЗадача: monkeys (Profanity)[2m > [22mМат фильтруется и блокируется: "ебать"[32m 0[2mms[22m[39m
 [32m✓[39m src/bot/engine.test.js[2m > [22mDDT: Методика "Самокритика" (100+ кейсов)[2m > [22mПЕРСОНА: Хитрый/Агрессивный ребенок[2m > [22mЗадача: flowers (Profanity)[2m > [22mМат фильтруется и блокируется: "блять"[32m 0[2mms[22m[39m
 [32m✓[39m src/bot/engine.test.js[2m > [22mDDT: Методика "Самокритика" (100+ кейсов)[2m > [22mПЕРСОНА: Хитрый/Агрессивный ребенок[2m > [22mЗадача: flowers (Profanity)[2m > [22mМат фильтруется и блокируется: "сука не работает"[32m 0[2mms[22m[39m
 [32m✓[39m src/bot/engine.test.js[2m > [22mDDT: Методика "Самокритика" (100+ кейсов)[2m > [22mПЕРСОНА: Хитрый/Агрессивный ребенок[2m > [22mЗадача: flowers (Profanity)[2m > [22mМат фильтруется и блокируется: "пиздец"[32m 0[2mms[22m[39m
 [32m✓[39m src/bot/engine.test.js[2m > [22mDDT: Методика "Самокритика" (100+ кейсов)[2m > [22mПЕРСОНА: Хитрый/Агрессивный ребенок[2m > [22mЗадача: flowers (Profanity)[2m > [22mМат фильтруется и блокируется: "ебать"[32m 0[2mms[22m[39m
 [32m✓[39m src/bot/engine.test.js[2m > [22mDDT: Методика "Самокритика" (100+ кейсов)[2m > [22mПЕРСОНА: Хитрый/Агрессивный ребенок[2m > [22mЗадача: bags (Profanity)[2m > [22mМат фильтруется и блокируется: "блять"[32m 0[2mms[22m[39m
 [32m✓[39m src/bot/engine.test.js[2m > [22mDDT: Методика "Самокритика" (100+ кейсов)[2m > [22mПЕРСОНА: Хитрый/Агрессивный ребенок[2m > [22mЗадача: bags (Profanity)[2m > [22mМат фильтруется и блокируется: "сука не работает"[32m 0[2mms[22m[39m
 [32m✓[39m src/bot/engine.test.js[2m > [22mDDT: Методика "Самокритика" (100+ кейсов)[2m > [22mПЕРСОНА: Хитрый/Агрессивный ребенок[2m > [22mЗадача: bags (Profanity)[2m > [22mМат фильтруется и блокируется: "пиздец"[32m 0[2mms[22m[39m
 [32m✓[39m src/bot/engine.test.js[2m > [22mDDT: Методика "Самокритика" (100+ кейсов)[2m > [22mПЕРСОНА: Хитрый/Агрессивный ребенок[2m > [22mЗадача: bags (Profanity)[2m > [22mМат фильтруется и блокируется: "ебать"[32m 0[2mms[22m[39m
 [32m✓[39m src/bot/engine.test.js[2m > [22mDDT: Методика "Самокритика" (100+ кейсов)[2m > [22mПЕРСОНА: Хитрый/Агрессивный ребенок[2m > [22mЛовушки (Monkeys): Использование забора/клетки[32m 0[2mms[22m[39m
 [31m×[39m src/bot/engine.test.js[2m > [22mDDT: Методика "Самокритика" (100+ кейсов)[2m > [22mПЕРСОНА: Хитрый/Агрессивный ребенок[2m > [22mЛовушки (Flowers): Трогать/нюхать[32m 5[2mms[22m[39m
[31m   → expected 'fallback' to be 'trap' // Object.is equality[39m
 [32m✓[39m src/bot/engine.test.js[2m > [22mDDT: Методика "Самокритика" (100+ кейсов)[2m > [22mПЕРСОНА: Умный торопыга (Near Miss, Short Match, Already)[2m > [22mКороткий ответ переводит в уточнение (Задача: solomon-hall, ввод: "ковер")[32m 0[2mms[22m[39m
 [32m✓[39m src/bot/engine.test.js[2m > [22mDDT: Методика "Самокритика" (100+ кейсов)[2m > [22mПЕРСОНА: Умный торопыга (Near Miss, Short Match, Already)[2m > [22mКороткий ответ переводит в уточнение (Задача: solomon-hall, ввод: "стол")[32m 0[2mms[22m[39m
 [32m✓[39m src/bot/engine.test.js[2m > [22mDDT: Методика "Самокритика" (100+ кейсов)[2m > [22mПЕРСОНА: Умный торопыга (Near Miss, Short Match, Already)[2m > [22mКороткий ответ переводит в уточнение (Задача: monkeys, ввод: "лимон")[32m 0[2mms[22m[39m
 [32m✓[39m src/bot/engine.test.js[2m > [22mDDT: Методика "Самокритика" (100+ кейсов)[2m > [22mПЕРСОНА: Умный торопыга (Near Miss, Short Match, Already)[2m > [22mКороткий ответ переводит в уточнение (Задача: flowers, ввод: "пчела")[32m 0[2mms[22m[39m
 [32m✓[39m src/bot/engine.test.js[2m > [22mDDT: Методика "Самокритика" (100+ кейсов)[2m > [22mПЕРСОНА: Умный торопыга (Near Miss, Short Match, Already)[2m > [22mКороткий ответ переводит в уточнение (Задача: flowers, ввод: "дуть")[32m 0[2mms[22m[39m
 [31m×[39m src/bot/engine.test.js[2m > [22mDDT: Методика "Самокритика" (100+ кейсов)[2m > [22mПЕРСОНА: Умный торопыга (Near Miss, Short Match, Already)[2m > [22mКороткий ответ переводит в уточнение (Задача: bags, ввод: "найти вора")[32m 1[2mms[22m[39m
[31m   → expected 'near_miss' to be 'found' // Object.is equality[39m
 [32m✓[39m src/bot/engine.test.js[2m > [22mDDT: Методика "Самокритика" (100+ кейсов)[2m > [22mПЕРСОНА: Умный торопыга (Near Miss, Short Match, Already)[2m > [22mКороткий ответ переводит в уточнение (Задача: flowers, ввод: "насекомые")[32m 0[2mms[22m[39m
 [31m×[39m src/bot/engine.test.js[2m > [22mDDT: Методика "Самокритика" (100+ кейсов)[2m > [22mПЕРСОНА: Умный торопыга (Near Miss, Short Match, Already)[2m > [22mКороткий ответ переводит в уточнение (Задача: monkeys, ввод: "напугать")[32m 0[2mms[22m[39m
[31m   → expected 'near_miss' to be 'found' // Object.is equality[39m
 [32m✓[39m src/bot/engine.test.js[2m > [22mDDT: Методика "Самокритика" (100+ кейсов)[2m > [22mПЕРСОНА: Умный торопыга (Near Miss, Short Match, Already)[2m > [22mКороткий ответ переводит в уточнение (Задача: monkeys, ввод: "кислый")[32m 0[2mms[22m[39m
 [31m×[39m src/bot/engine.test.js[2m > [22mDDT: Методика "Самокритика" (100+ кейсов)[2m > [22mПЕРСОНА: Умный торопыга (Near Miss, Short Match, Already)[2m > [22mКороткий ответ переводит в уточнение (Задача: solomon-hall, ввод: "пол в масле")[32m 1[2mms[22m[39m
[31m   → expected 'fallback' to be 'found' // Object.is equality[39m
 [32m✓[39m src/bot/engine.test.js[2m > [22mDDT: Методика "Самокритика" (100+ кейсов)[2m > [22mПЕРСОНА: Умный торопыга (Near Miss, Short Match, Already)[2m > [22mБИНГО: "постелить ковер на масло" (Задача: solomon-hall)[32m 0[2mms[22m[39m
 [32m✓[39m src/bot/engine.test.js[2m > [22mDDT: Методика "Самокритика" (100+ кейсов)[2m > [22mПЕРСОНА: Умный торопыга (Near Miss, Short Match, Already)[2m > [22mБИНГО: "перевернуть стол и плыть" (Задача: solomon-hall)[32m 0[2mms[22m[39m
 [32m✓[39m src/bot/engine.test.js[2m > [22mDDT: Методика "Самокритика" (100+ кейсов)[2m > [22mПЕРСОНА: Умный торопыга (Near Miss, Short Match, Already)[2m > [22mБИНГО: "посадить лимоны по краям" (Задача: monkeys)[32m 0[2mms[22m[39m
 [32m✓[39m src/bot/engine.test.js[2m > [22mDDT: Методика "Самокритика" (100+ кейсов)[2m > [22mПЕРСОНА: Умный торопыга (Near Miss, Short Match, Already)[2m > [22mБИНГО: "повесить пугало" (Задача: monkeys)[32m 0[2mms[22m[39m
 [32m✓[39m src/bot/engine.test.js[2m > [22mDDT: Методика "Самокритика" (100+ кейсов)[2m > [22mПЕРСОНА: Умный торопыга (Near Miss, Short Match, Already)[2m > [22mБИНГО: "открыть окно для пчел" (Задача: flowers)[32m 0[2mms[22m[39m
 [32m✓[39m src/bot/engine.test.js[2m > [22mDDT: Методика "Самокритика" (100+ кейсов)[2m > [22mПЕРСОНА: Умный торопыга (Near Miss, Short Match, Already)[2m > [22mБИНГО: "подует ветер из окна" (Задача: flowers)[32m 0[2mms[22m[39m
 [31m×[39m src/bot/engine.test.js[2m > [22mDDT: Методика "Самокритика" (100+ кейсов)[2m > [22mПЕРСОНА: Умный торопыга (Near Miss, Short Match, Already)[2m > [22mБИНГО: "поставить скрытые камеры" (Задача: bags)[32m 1[2mms[22m[39m
[31m   → expected [] to include 'catch'[39m
 [32m✓[39m src/bot/engine.test.js[2m > [22mDDT: Методика "Самокритика" (100+ кейсов)[2m > [22mПЕРСОНА: Умный торопыга (Near Miss, Short Match, Already)[2m > [22mБИНГО: "запретить мотоциклы в городе" (Задача: bags)[32m 0[2mms[22m[39m
 [32m✓[39m src/bot/engine.test.js[2m > [22mDDT: Методика "Самокритика" (100+ кейсов)[2m > [22mПЕРСОНА: Умный торопыга (Near Miss, Short Match, Already)[2m > [22mРеакция на уже найденный ответ (Задача: solomon-hall)[32m 0[2mms[22m[39m
 [32m✓[39m src/bot/engine.test.js[2m > [22mDDT: Методика "Самокритика" (100+ кейсов)[2m > [22mПЕРСОНА: Умный торопыга (Near Miss, Short Match, Already)[2m > [22mРеакция на уже найденный ответ (Задача: monkeys)[32m 0[2mms[22m[39m
 [32m✓[39m src/bot/engine.test.js[2m > [22mDDT: Методика "Самокритика" (100+ кейсов)[2m > [22mПЕРСОНА: Умный торопыга (Near Miss, Short Match, Already)[2m > [22mРеакция на уже найденный ответ (Задача: flowers)[32m 0[2mms[22m[39m
 [32m✓[39m src/bot/engine.test.js[2m > [22mDDT: Методика "Самокритика" (100+ кейсов)[2m > [22mПЕРСОНА: Умный торопыга (Near Miss, Short Match, Already)[2m > [22mРеакция на уже найденный ответ (Задача: bags)[32m 0[2mms[22m[39m
 [32m✓[39m src/bot/engine.test.js[2m > [22mDDT: Методика "Самокритика" (100+ кейсов)[2m > [22mПЕРСОНА: Умный торопыга (Near Miss, Short Match, Already)[2m > [22mФаза 1: Подтверждение проблемы без засчитывания решения (Задача: solomon-hall)[32m 1[2mms[22m[39m
 [32m✓[39m src/bot/engine.test.js[2m > [22mDDT: Методика "Самокритика" (100+ кейсов)[2m > [22mПЕРСОНА: Умный торопыга (Near Miss, Short Match, Already)[2m > [22mФаза 1: Подтверждение проблемы без засчитывания решения (Задача: monkeys)[32m 1[2mms[22m[39m
 [32m✓[39m src/bot/engine.test.js[2m > [22mDDT: Методика "Самокритика" (100+ кейсов)[2m > [22mПЕРСОНА: Умный торопыга (Near Miss, Short Match, Already)[2m > [22mФаза 1: Подтверждение проблемы без засчитывания решения (Задача: flowers)[32m 0[2mms[22m[39m
 [32m✓[39m src/bot/engine.test.js[2m > [22mDDT: Методика "Самокритика" (100+ кейсов)[2m > [22mПЕРСОНА: Умный торопыга (Near Miss, Short Match, Already)[2m > [22mФаза 1: Подтверждение проблемы без засчитывания решения (Задача: bags)[32m 0[2mms[22m[39m
 [32m✓[39m src/bot/engine.test.js[2m > [22mDDT: Методика "Самокритика" (100+ кейсов)[2m > [22m🧨 Краш-тесты (Edge Cases)[2m > [22mОгромный текст отсекается лимитом[32m 0[2mms[22m[39m
 [32m✓[39m src/bot/engine.test.js[2m > [22mDDT: Методика "Самокритика" (100+ кейсов)[2m > [22m🧨 Краш-тесты (Edge Cases)[2m > [22mСмешивание опасного слова и правильного решения[32m 0[2mms[22m[39m
 [32m✓[39m src/bot/engine.test.js[2m > [22mDDT: Методика "Самокритика" (100+ кейсов)[2m > [22m🧨 Краш-тесты (Edge Cases)[2m > [22mИгнорирование пунктуации при вводе правильного ответа[32m 0[2mms[22m[39m
 [32m✓[39m src/bot/engine.test.js[2m > [22mDDT: Методика "Самокритика" (100+ кейсов)[2m > [22m🧨 Краш-тесты (Edge Cases)[2m > [22mОдновременный ввод двух решений (выбор первого подходящего)[32m 0[2mms[22m[39m
 [32m✓[39m src/bot/engine.test.js[2m > [22mDDT: Методика "Самокритика" (100+ кейсов)[2m > [22m🧨 Краш-тесты (Edge Cases)[2m > [22mСложная фраза в фазе 2: распознавание списка ресурсов[32m 0[2mms[22m[39m

[31m⎯⎯⎯⎯⎯⎯⎯[39m[1m[41m Failed Tests 5 [49m[22m[31m⎯⎯⎯⎯⎯⎯⎯[39m

[41m[1m FAIL [22m[49m src/bot/engine.test.js[2m > [22mDDT: Методика "Самокритика" (100+ кейсов)[2m > [22mПЕРСОНА: Хитрый/Агрессивный ребенок[2m > [22mЛовушки (Flowers): Трогать/нюхать
[31m[1mAssertionError[22m: expected 'fallback' to be 'trap' // Object.is equality[39m

Expected: [32m"trap"[39m
Received: [31m"fallback"[39m

[36m [2m❯[22m src/bot/engine.test.js:[2m131:28[22m[39m
    [90m129| [39m      traps[33m.[39m[34mforEach[39m(msg [33m=>[39m {
    [90m130| [39m        const { resultType, reply } = processUserMessage(msg, task, st…
    [90m131| [39m        [34mexpect[39m(resultType)[33m.[39m[34mtoBe[39m([32m'trap'[39m)[33m;[39m
    [90m   | [39m                           [31m^[39m
    [90m132| [39m        [34mexpect[39m(reply)[33m.[39m[34mtoContain[39m([32m'Стоп!'[39m)[33m;[39m
    [90m133| [39m      })[33m;[39m
[90m [2m❯[22m src/bot/engine.test.js:[2m129:13[22m[39m

[31m[2m⎯⎯⎯⎯⎯⎯⎯⎯⎯⎯⎯⎯⎯⎯⎯⎯⎯⎯⎯⎯⎯⎯⎯⎯[1/5]⎯[22m[39m

[41m[1m FAIL [22m[49m src/bot/engine.test.js[2m > [22mDDT: Методика "Самокритика" (100+ кейсов)[2m > [22mПЕРСОНА: Умный торопыга (Near Miss, Short Match, Already)[2m > [22mКороткий ответ переводит в уточнение (Задача: bags, ввод: "найти вора")
[41m[1m FAIL [22m[49m src/bot/engine.test.js[2m > [22mDDT: Методика "Самокритика" (100+ кейсов)[2m > [22mПЕРСОНА: Умный торопыга (Near Miss, Short Match, Already)[2m > [22mКороткий ответ переводит в уточнение (Задача: monkeys, ввод: "напугать")
[31m[1mAssertionError[22m: expected 'near_miss' to be 'found' // Object.is equality[39m

Expected: [32m"found"[39m
Received: [31m"near_miss"[39m

[36m [2m❯[22m src/bot/engine.test.js:[2m160:28[22m[39m
    [90m158| [39m        [35mconst[39m state [33m=[39m { ikrPhase[33m:[39m [34m0[39m[33m,[39m found[33m:[39m [][33m,[39m fbIdx[33m:[39m [34m0[39m[33m,[39m streak[33m:[39m [34m0[39m }[33m;[39m
    [90m159| [39m        const { reply, newState, resultType } = processUserMessage(msg…
    [90m160| [39m        [34mexpect[39m(resultType)[33m.[39m[34mtoBe[39m([32m'found'[39m)[33m;[39m
    [90m   | [39m                           [31m^[39m
    [90m161| [39m        expect(reply).toContain('отличная идея! А как именно ты хочешь…
    [90m162| [39m        [34mexpect[39m(newState[33m.[39mpendingBranch)[33m.[39m[34mtoBe[39m(branchExpected)[33m;[39m

[31m[2m⎯⎯⎯⎯⎯⎯⎯⎯⎯⎯⎯⎯⎯⎯⎯⎯⎯⎯⎯⎯⎯⎯⎯⎯[2/5]⎯[22m[39m

[41m[1m FAIL [22m[49m src/bot/engine.test.js[2m > [22mDDT: Методика "Самокритика" (100+ кейсов)[2m > [22mПЕРСОНА: Умный торопыга (Near Miss, Short Match, Already)[2m > [22mКороткий ответ переводит в уточнение (Задача: solomon-hall, ввод: "пол в масле")
[31m[1mAssertionError[22m: expected 'fallback' to be 'found' // Object.is equality[39m

Expected: [32m"f[7mound[27m"[39m
Received: [31m"f[7mallback[27m"[39m

[36m [2m❯[22m src/bot/engine.test.js:[2m160:28[22m[39m
    [90m158| [39m        [35mconst[39m state [33m=[39m { ikrPhase[33m:[39m [34m0[39m[33m,[39m found[33m:[39m [][33m,[39m fbIdx[33m:[39m [34m0[39m[33m,[39m streak[33m:[39m [34m0[39m }[33m;[39m
    [90m159| [39m        const { reply, newState, resultType } = processUserMessage(msg…
    [90m160| [39m        [34mexpect[39m(resultType)[33m.[39m[34mtoBe[39m([32m'found'[39m)[33m;[39m
    [90m   | [39m                           [31m^[39m
    [90m161| [39m        expect(reply).toContain('отличная идея! А как именно ты хочешь…
    [90m162| [39m        [34mexpect[39m(newState[33m.[39mpendingBranch)[33m.[39m[34mtoBe[39m(branchExpected)[33m;[39m

[31m[2m⎯⎯⎯⎯⎯⎯⎯⎯⎯⎯⎯⎯⎯⎯⎯⎯⎯⎯⎯⎯⎯⎯⎯⎯[3/5]⎯[22m[39m

[41m[1m FAIL [22m[49m src/bot/engine.test.js[2m > [22mDDT: Методика "Самокритика" (100+ кейсов)[2m > [22mПЕРСОНА: Умный торопыга (Near Miss, Short Match, Already)[2m > [22mБИНГО: "поставить скрытые камеры" (Задача: bags)
[31m[1mAssertionError[22m: expected [] to include 'catch'[39m
[36m [2m❯[22m src/bot/engine.test.js:[2m188:32[22m[39m
    [90m186| [39m        const { resultType, newState, reply } = processUserMessage(msg…
    [90m187| [39m        [34mexpect[39m(resultType)[33m.[39m[34mtoBe[39m([32m'found'[39m)[33m;[39m
    [90m188| [39m        [34mexpect[39m(newState[33m.[39mfound)[33m.[39m[34mtoContain[39m(branchId)[33m;[39m
    [90m   | [39m                               [31m^[39m
    [90m189| [39m        [34mexpect[39m(reply)[33m.[39m[34mtoContain[39m([32m'БИНГО'[39m)[33m;[39m
    [90m190| [39m      })[33m;[39m

[31m[2m⎯⎯⎯⎯⎯⎯⎯⎯⎯⎯⎯⎯⎯⎯⎯⎯⎯⎯⎯⎯⎯⎯⎯⎯[4/5]⎯[22m[39m


[2m Test Files [22m [1m[31m1 failed[39m[22m[90m (1)[39m
[2m      Tests [22m [1m[31m5 failed[39m[22m[2m | [22m[1m[32m164 passed[39m[22m[90m (169)[39m
[2m   Start at [22m 07:32:11
[2m   Duration [22m 259ms[2m (transform 36ms, setup 0ms, import 81ms, tests 29ms, environment 0ms)[22m

